Vivado Simulator v2025.2
Copyright 1986-2022 Xilinx, Inc. All Rights Reserved.
Copyright 2022-2025 Advanced Micro Devices, Inc. All Rights Reserved.
Running: /home/llamaglama/Xilinx/2025.2/Vivado/bin/unwrapped/lnx64.o/xelab --incr --debug typical --relax --mt 8 -L xil_defaultlib -L blk_mem_gen_v8_4_12 -L unisims_ver -L unimacro_ver -L secureip -L xpm --snapshot tb_core_behav xil_defaultlib.tb_core xil_defaultlib.glbl -log elaborate.log 
Using 8 slave threads.
WARNING: [XSIM 43-3431] One or more environment variables have been detected which affect the operation of the C compiler. These are typically not set in standard installations and are not tested by AMD, however they may be appropriate for your system, so the flow will attempt to continue.  If errors occur, try running xelab with the "-mt off -v 1" switches to see more information from the C compiler. The following environment variables have been detected:
Starting static elaboration
Pass Through NonSizing Optimizer
WARNING: [VRFC 10-9543] actual bit length 15 differs from formal bit length 12 for port 'addra' [/home/llamaglama/Documents/Github/whatever/core/core.v:406]
WARNING: [VRFC 10-9543] actual bit length 15 differs from formal bit length 12 for port 'addrb' [/home/llamaglama/Documents/Github/whatever/core/core.v:414]
Completed static elaboration
Starting simulation data flow analysis
Completed simulation data flow analysis
Time Resolution for simulation is 1ps
Compiling module xil_defaultlib.hazard_detecting_unit
Compiling module xil_defaultlib.if_stage_default
Compiling module xil_defaultlib.if_id_reg
Compiling module xil_defaultlib.branch_unit
Compiling module xil_defaultlib.regfile_default
Compiling module xil_defaultlib.immgen
Compiling module xil_defaultlib.alu_cntrl
Compiling module xil_defaultlib.id_stage
Compiling module xil_defaultlib.id_ex_reg
Compiling module xil_defaultlib.forwarding_unit
Compiling module xil_defaultlib.add
Compiling module xil_defaultlib.sub
Compiling module xil_defaultlib._xor
Compiling module xil_defaultlib._and
Compiling module xil_defaultlib._or
Compiling module xil_defaultlib.shift_left
Compiling module xil_defaultlib.shift_right
Compiling module xil_defaultlib.shift_right_arith
Compiling module xil_defaultlib.slt
Compiling module xil_defaultlib.sltu
Compiling module xil_defaultlib.mul
Compiling module xil_defaultlib.alu
Compiling module xil_defaultlib.ex_stage
Compiling module xil_defaultlib.ex_mem_reg
Compiling module xil_defaultlib.mem_stage_default
Compiling module xil_defaultlib.mem_wb_reg
Compiling module xil_defaultlib.wb_stage
Compiling module blk_mem_gen_v8_4_12.blk_mem_gen_v8_4_12_output_stage...
Compiling module blk_mem_gen_v8_4_12.blk_mem_gen_v8_4_12_softecc_outp...
Compiling module blk_mem_gen_v8_4_12.blk_mem_gen_v8_4_12_mem_module(C...
Compiling module blk_mem_gen_v8_4_12.blk_mem_gen_v8_4_12(C_FAMILY="zy...
Compiling module xil_defaultlib.bram_cell
Compiling module xil_defaultlib.core
Compiling module xil_defaultlib.tb_core
Compiling module xil_defaultlib.glbl
Built simulation snapshot tb_core_behav
